// Jest Snapshot v1, https://goo.gl/fbAQLP

exports[`App component first 1`] = `
<DocumentFragment>
  <div
    class="container"
  >
    <div
      class="menu"
    >
      <h1>
        Play
      </h1>
      <h1>
        Level 1
      </h1>
      <h1>
        High Scores
      </h1>
      <h1>
        Guides
      </h1>
    </div>
  </div>
</DocumentFragment>
`;
